package main

import (
	"fmt" //nolint:typecheck
	"log"
)

func main() {
	fmt.Println("hello world")
	log.Println("foo")
}
