package main

import (
	"fmt" // required!
	"log"
)

func main() {
	fmt.Println("hello world")
	log.Println("foo")
}
